G__22768_22826:px
G__22785_22828:qx
G__22824_22838$jscomp$inline_1515:wx
JSCompiler_StaticMethods_assoc_BANG_:mi
JSCompiler_StaticMethods_cleanUpTimeoutTimer_:Uu
JSCompiler_StaticMethods_cleanUpXhr_:Xu
JSCompiler_StaticMethods_cleanupKeysArray_:tb
JSCompiler_StaticMethods_cljs$core$IMultiFn$_add_method$arity$3:fk
JSCompiler_StaticMethods_cljs$core$IMultiFn$_get_method$arity$2:ek
JSCompiler_StaticMethods_cljs$core$ITransientVector$_assoc_n_BANG_$arity$3:qh
JSCompiler_StaticMethods_convert:fs
JSCompiler_StaticMethods_createInstance:Ou
JSCompiler_StaticMethods_decodeArray:ms
JSCompiler_StaticMethods_dispatchErrors_:Wu
JSCompiler_StaticMethods_div:Ma
JSCompiler_StaticMethods_divide:Za
JSCompiler_StaticMethods_emitString:Os
JSCompiler_StaticMethods_entry_at:Ci
JSCompiler_StaticMethods_error_:Tu
JSCompiler_StaticMethods_fireListeners:Hu
JSCompiler_StaticMethods_forceChunk:$i
JSCompiler_StaticMethods_getBits:Xa
JSCompiler_StaticMethods_getOptions:Ku
JSCompiler_StaticMethods_getProgId_:Lu
JSCompiler_StaticMethods_getReadyState:Zu
JSCompiler_StaticMethods_markAsRemoved:mu
JSCompiler_StaticMethods_onReadyStateChangeHelper_:Yu
JSCompiler_StaticMethods_parseString:ls
JSCompiler_StaticMethods_re_frame$router$IEventQueue$_fsm_trigger$arity$3:Nq
JSCompiler_StaticMethods_re_frame$router$IEventQueue$_pause$arity$2:Qq
JSCompiler_StaticMethods_re_frame$router$IEventQueue$_process_1st_event_in_queue$arity$1:Oq
JSCompiler_StaticMethods_re_frame$router$IEventQueue$_run_next_tick$arity$1:Pq
JSCompiler_StaticMethods_re_frame$router$IEventQueue$_run_queue$arity$1:Mq
JSCompiler_StaticMethods_removeByKey:pu
JSCompiler_StaticMethods_shiftRightUnsigned:Na
JSCompiler_StaticMethods_sval:lf
JSCompiler_inline_result$jscomp$196:au
JSCompiler_prototypeAlias:g
JSCompiler_temp$jscomp$195:cu
JSCompiler_temp$jscomp$206:rv
L 0:a
L 1:b
L 10:q
L 11:p
L 12:r
L 13:v
L 14:z
L 15:G
L 16:K
L 17:Z
L 18:ba
L 19:ia
L 2:c
L 20:Ca
L 21:Ya
L 22:ha
L 23:m
L 24:t
L 25:u
L 26:w
L 27:x
L 28:A
L 29:C
L 3:d
L 30:E
L 31:F
L 32:M
L 33:O
L 34:Q
L 35:T
L 36:V
L 37:Y
L 38:aa
L 39:ea
L 4:e
L 40:ka
L 41:ra
L 42:xa
L 43:Ta
L 44:Ab
L 45:We
L 46:fp
L 5:f
L 6:h
L 7:k
L 8:l
L 9:n
ajax$core$POST$cljs$0core$0IFn$0_invoke$0arity$0variadic:uv
ajax$easy$default_error_handler:lv
ajax$easy$default_formats:gv
ajax$easy$default_handler:kv
ajax$easy$easy_ajax_request:nv
ajax$easy$keyword_request_format:hv
ajax$easy$keyword_response_format:jv
ajax$easy$keyword_response_format_element:iv
ajax$easy$transform_handler:mv
ajax$formats$content_type_matches$cljs$0core$0IFn$0_invoke$0arity$01:It
ajax$formats$detect_content_type$cljs$0core$0IFn$0_invoke$0arity$02:Jt
ajax$formats$detect_response_format:wt
ajax$formats$detect_response_format_read$cljs$0core$0IFn$0_invoke$0arity$01:Kt
ajax$formats$get_accept_entries$cljs$0core$0IFn$0_invoke$0arity$01:Ht
ajax$formats$get_accept_entries$cljs$0core$0IFn$0_invoke$0arity$02:Gt
ajax$formats$get_format$cljs$0core$0IFn$0_invoke$0arity$02:Ft
ajax$formats$raw_response_format:Et
ajax$interceptors$ApplyRequestFormat:qt
ajax$interceptors$DirectSubmission:tt
ajax$interceptors$ProcessUrlParameters:st
ajax$interceptors$ResponseFormat:ot
ajax$interceptors$content_type_to_request_header:nt
ajax$interceptors$fail:mt
ajax$interceptors$get_response_format:vt
ajax$interceptors$map__GT_ResponseFormat:pt
ajax$interceptors$request_interceptors:ut
ajax$interceptors$uri_with_params$cljs$0core$0IFn$0_invoke$0arity$01:rt
ajax$json$json_request_format:yt
ajax$json$json_response_format:xt
ajax$protocols$_body:jr
ajax$protocols$_get_all_headers:ir
ajax$protocols$_get_response_header:kr
ajax$protocols$_js_ajax_request:fr
ajax$protocols$_process_request:mr
ajax$protocols$_process_response:nr
ajax$protocols$_status:gr
ajax$protocols$_status_text:hr
ajax$protocols$_was_aborted:lr
ajax$ring$make_ring_read:Lt
ajax$simple$default_interceptors:dv
ajax$simple$js_handler$cljs$0core$0IFn$0_invoke$0arity$02:cv
ajax$simple$normalize_method:av
ajax$simple$normalize_request:ev
ajax$simple$process_request:fv
ajax$simple$process_response:bv
ajax$transit$transit_read_fn:Ct
ajax$transit$transit_request_format$cljs$0core$0IFn$0_invoke$0arity$01:Bt
ajax$transit$transit_response_format:Dt
ajax$transit$transit_type:zt
ajax$transit$transit_write_fn:At
ajax$url$key_encode:qr
ajax$url$key_value_pair_to_str:sr
ajax$url$param_to_key_value_pairs$cljs$0core$0IFn$0_invoke$0arity$02:wr
ajax$url$param_to_key_value_pairs$cljs$0core$0IFn$0_invoke$0arity$03:vr
ajax$url$params_to_str$cljs$0core$0IFn$0_invoke$0arity$01:yr
ajax$url$params_to_str$cljs$0core$0IFn$0_invoke$0arity$02:xr
ajax$url$to_vec_key_transform:ur
ajax$url$url_request_format$cljs$0core$0IFn$0_invoke$0arity$01:zr
ajax$url$value_encode:rr
ajax$url$vec_key_transform_fn$cljs$0core$0IFn$0_invoke$0arity$01:tr
ajax$util$successful_response_codes_set:pr
ajax$util$throw_error:or
ajax$xml_http_request$append:pv
ajax$xml_http_request$process_headers:qv
ajax$xml_http_request$ready_state:ov
ajax$xml_http_request$xmlhttprequest:tv
arr$jscomp$inline_1289:Yt
cached_hierarchy__4616__auto__$jscomp$inline_1886:bk
cljs:xb
cljs$core:yb
cljs$core$ArrayChunk:nf
cljs$core$ArrayIter:Of
cljs$core$ArrayNode:Wh
cljs$core$ArrayNodeIterator:$h
cljs$core$ArrayNodeSeq:gi
cljs$core$Atom:kg
cljs$core$BitmapIndexedNode:Sh
cljs$core$BitmapIndexedNode$EMPTY:Vh
cljs$core$BlackNode:si
cljs$core$Box:Lh
cljs$core$ChunkBuffer:mf
cljs$core$ChunkedCons:pf
cljs$core$ChunkedSeq:jh
cljs$core$Cons:ef
cljs$core$EMPTY:Xf
cljs$core$ES6EntriesIterator:zh
cljs$core$ES6Iterator:Id
cljs$core$ES6SetEntriesIterator:Ah
cljs$core$Eduction:Bj
cljs$core$Empty:Wf
cljs$core$EmptyList:cf
cljs$core$ExceptionInfo:ik
cljs$core$Fn:$b
cljs$core$HashCollisionNode:di
cljs$core$HashMapIter:ii
cljs$core$HashSetIter:Ni
cljs$core$IAssociative:rc
cljs$core$ICollection:gc
cljs$core$ICounted:cc
cljs$core$IDeref:Ec
cljs$core$IEmptyableCollection:ec
cljs$core$IEncodeClojure:Gj
cljs$core$IEncodeJS:Cj
cljs$core$IFn:ac
cljs$core$IIndexed:ic
cljs$core$IIterable:ld
cljs$core$IKVReduce:Lc
cljs$core$IList:Sc
cljs$core$ILookup:pc
cljs$core$IMap:uc
cljs$core$IMeta:Gc
cljs$core$INIT:Pf
cljs$core$INext:nc
cljs$core$IPrintWithWriter:Xc
cljs$core$IRecord:Tc
cljs$core$IReduce:Jc
cljs$core$IReversible:Uc
cljs$core$ISeq:kc
cljs$core$ISeqable:Pc
cljs$core$ISequential:Rc
cljs$core$ISet:yc
cljs$core$ITER_SYMBOL:Vb
cljs$core$IVector:Cc
cljs$core$IndexedSeq:Fd
cljs$core$IndexedSeqIterator:ee
cljs$core$KeySeq:Fi
cljs$core$Keyword:I
cljs$core$LazySeq:kf
cljs$core$List:oe
cljs$core$List$EMPTY:Hd
cljs$core$Many:Tf
cljs$core$MapEntry:Yg
cljs$core$MetaFn:ve
cljs$core$MultiFn:Wj
cljs$core$NONE:Uf
cljs$core$NeverEquiv:vh
cljs$core$NodeIterator:Rh
cljs$core$NodeSeq:ei
cljs$core$PROTOCOL_SENTINEL:y
cljs$core$PersistentArrayMap:Hb
cljs$core$PersistentArrayMap$EMPTY:Mf
cljs$core$PersistentArrayMap$HASHMAP_THRESHOLD:Hh
cljs$core$PersistentArrayMap$createAsIfByAssoc:se
cljs$core$PersistentArrayMap$fromArray:Jh
cljs$core$PersistentArrayMapIterator:Dh
cljs$core$PersistentArrayMapSeq:Ch
cljs$core$PersistentHashMap:ji
cljs$core$PersistentHashMap$EMPTY:Ih
cljs$core$PersistentHashMap$fromArrays:li
cljs$core$PersistentHashSet:Oi
cljs$core$PersistentHashSet$EMPTY:Qi
cljs$core$PersistentQueue:th
cljs$core$PersistentQueue$EMPTY:uh
cljs$core$PersistentQueueIter:rh
cljs$core$PersistentQueueSeq:sh
cljs$core$PersistentTreeMap:Bi
cljs$core$PersistentTreeMapSeq:oi
cljs$core$PersistentTreeSet:Ri
cljs$core$PersistentVector:W
cljs$core$PersistentVector$EMPTY:ne
cljs$core$PersistentVector$EMPTY_NODE:X
cljs$core$PersistentVector$fromArray:dh
cljs$core$RSeq:fe
cljs$core$Range:Zi
cljs$core$RangeChunk:Xi
cljs$core$RangeIterator:Yi
cljs$core$RangedIterator:Ug
cljs$core$RecordIter:yh
cljs$core$RedNode:ri
cljs$core$Reduced:Pd
cljs$core$Repeat:tg
cljs$core$START:Qf
cljs$core$SeqIter:Rf
cljs$core$Single:Vf
cljs$core$StringBufferWriter:nd
cljs$core$StringIter:Nf
cljs$core$Subvec:lh
cljs$core$Symbol:zd
cljs$core$TransformerIterator:Zf
cljs$core$TransientArrayMap:Gh
cljs$core$TransientHashMap:ki
cljs$core$TransientHashSet:Pi
cljs$core$TransientVector:Zg
cljs$core$UUID:hk
cljs$core$ValSeq:Gi
cljs$core$Var:Bd
cljs$core$VectorNode:Jg
cljs$core$_EQ_:Cd
cljs$core$_PLUS_:Ve
cljs$core$_STAR_eval_STAR_:lk
cljs$core$_STAR_loaded_libs_STAR_:Fb
cljs$core$_STAR_print_err_fn_STAR_:Cb
cljs$core$_STAR_print_fn_STAR_:Bb
cljs$core$_STAR_print_level_STAR_:Eb
cljs$core$_STAR_print_newline_STAR_:Db
cljs$core$_add_watch:Zc
cljs$core$_as_transient:ad
cljs$core$_assoc:sc
cljs$core$_assoc_BANG_:dd
cljs$core$_assoc_n:Dc
cljs$core$_chunked_first:fd
cljs$core$_chunked_rest:gd
cljs$core$_clj__GT_js:Dj
cljs$core$_clone:bc
cljs$core$_conj:hc
cljs$core$_conj_BANG_:bd
cljs$core$_count:dc
cljs$core$_deref:Fc
cljs$core$_disjoin:zc
cljs$core$_dissoc:vc
cljs$core$_drop_first:ed
cljs$core$_empty:fc
cljs$core$_equiv:Nc
cljs$core$_find:tc
cljs$core$_first:lc
cljs$core$_global_hierarchy:Kj
cljs$core$_hash:Oc
cljs$core$_indexOf$cljs$0core$0IFn$0_invoke$0arity$03:ae
cljs$core$_iterator:md
cljs$core$_js__GT_clj:Hj
cljs$core$_key:wc
cljs$core$_kv_reduce:Mc
cljs$core$_lastIndexOf$cljs$0core$0IFn$0_invoke$0arity$03:de
cljs$core$_lookup:qc
cljs$core$_meta:Hc
cljs$core$_name:hd
cljs$core$_namespace:id
cljs$core$_next:oc
cljs$core$_nth:jc
cljs$core$_peek:Ac
cljs$core$_persistent_BANG_:cd
cljs$core$_pop:Bc
cljs$core$_pr_writer:Yc
cljs$core$_reduce:Kc
cljs$core$_remove_watch:$c
cljs$core$_reset_BANG_:jd
cljs$core$_rest:mc
cljs$core$_rseq:Vc
cljs$core$_seq:Qc
cljs$core$_swap_BANG_:kd
cljs$core$_val:xc
cljs$core$_with_meta:Ic
cljs$core$_write:Wc
cljs$core$aclone:Wb
cljs$core$apply:Dd
cljs$core$apply$cljs$0core$0IFn$0_invoke$0arity$02:Ef
cljs$core$apply$cljs$0core$0IFn$0_invoke$0arity$03:Ff
cljs$core$apply$cljs$0core$0IFn$0_invoke$0arity$04:Gf
cljs$core$apply$cljs$0core$0IFn$0_invoke$0arity$05:Hf
cljs$core$apply$cljs$0core$0IFn$0_invoke$0arity$0variadic:If
cljs$core$apply_to:yf
cljs$core$apply_to_simple$cljs$0core$0IFn$0_invoke$0arity$03:Af
cljs$core$apply_to_simple$cljs$0core$0IFn$0_invoke$0arity$04:Bf
cljs$core$apply_to_simple$cljs$0core$0IFn$0_invoke$0arity$05:Cf
cljs$core$apply_to_simple$cljs$0core$0IFn$0_invoke$0arity$06:Df
cljs$core$array_QMARK_:Pb
cljs$core$array__GT_transient_hash_map:Kh
cljs$core$array_copy:Ie
cljs$core$array_for:Rg
cljs$core$array_index_of:Bh
cljs$core$array_map:Ei
cljs$core$array_reduce$cljs$0core$0IFn$0_invoke$0arity$02:Wd
cljs$core$array_reduce$cljs$0core$0IFn$0_invoke$0arity$03:Xd
cljs$core$array_reduce$cljs$0core$0IFn$0_invoke$0arity$04:Yd
cljs$core$assoc:re
cljs$core$assoc_BANG_$cljs$0core$0IFn$0_invoke$0arity$03:xf
cljs$core$assoc_in:Fg
cljs$core$atom$cljs$0core$0IFn$0_invoke$0arity$01:lg
cljs$core$balance_left:qi
cljs$core$balance_left_del:ui
cljs$core$balance_right:ti
cljs$core$balance_right_del:vi
cljs$core$bit_count:af
cljs$core$boolean$0:Le
cljs$core$bounded_count:tf
cljs$core$build_subvec:mh
cljs$core$butlast:Ti
cljs$core$char$0:Ze
cljs$core$char_escapes:mj
cljs$core$chunkIteratorSeq:Yf
cljs$core$chunk_append:rf
cljs$core$chunk_buffer:of
cljs$core$chunk_cons:qf
cljs$core$chunked_seq:ch
cljs$core$chunked_seq$cljs$0core$0IFn$0_invoke$0arity$04:bh
cljs$core$chunked_seq$cljs$0core$0IFn$0_invoke$0arity$05:kh
cljs$core$chunked_seq_QMARK_:He
cljs$core$ci_reduce$cljs$0core$0IFn$0_invoke$0arity$02:Ud
cljs$core$ci_reduce$cljs$0core$0IFn$0_invoke$0arity$03:Vd
cljs$core$clj__GT_js:Ej
cljs$core$clone_and_set$cljs$0core$0IFn$0_invoke$0arity$03:Nh
cljs$core$coll_QMARK_:Be
cljs$core$complement:dg
cljs$core$completing$cljs$0core$0IFn$0_invoke$0arity$02:Te
cljs$core$concat:vf
cljs$core$conj:me
cljs$core$conj_BANG_:wf
cljs$core$cons:he
cljs$core$contains_QMARK_:Ne
cljs$core$count:R
cljs$core$counted_QMARK_:Zd
cljs$core$create_array_node_seq:bi
cljs$core$create_array_node_seq$cljs$0core$0IFn$0_invoke$0arity$01:ai
cljs$core$create_array_node_seq$cljs$0core$0IFn$0_invoke$0arity$03:hi
cljs$core$create_inode_seq:Uh
cljs$core$create_inode_seq$cljs$0core$0IFn$0_invoke$0arity$01:Th
cljs$core$create_inode_seq$cljs$0core$0IFn$0_invoke$0arity$03:fi
cljs$core$create_node:Yh
cljs$core$create_node$cljs$0core$0IFn$0_invoke$0arity$06:Zh
cljs$core$create_node$cljs$0core$0IFn$0_invoke$0arity$07:Xh
cljs$core$create_tree_map_seq:pi
cljs$core$dec:Xe
cljs$core$deref:Td
cljs$core$disj:ze
cljs$core$dissoc:te
cljs$core$do_assoc:Sg
cljs$core$doall$cljs$0core$0IFn$0_invoke$0arity$01:fj
cljs$core$dominates:Tj
cljs$core$drop$cljs$0core$0IFn$0_invoke$0arity$02:qg
cljs$core$drop_last$cljs$0core$0IFn$0_invoke$0arity$02:rg
cljs$core$drop_while$cljs$0core$0IFn$0_invoke$0arity$02:sg
cljs$core$edit_and_set$cljs$0core$0IFn$0_invoke$0arity$04:Ph
cljs$core$empty:pe
cljs$core$empty_QMARK_:Ae
cljs$core$empty_ordered_hash:Ld
cljs$core$empty_unordered_hash:Nd
cljs$core$enable_console_print_BANG_:Nb
cljs$core$equiv_map:xh
cljs$core$equiv_sequential:ge
cljs$core$es6_iterator:Jd
cljs$core$even_QMARK_:cg
cljs$core$every_QMARK_:ag
cljs$core$ex_info$cljs$0core$0IFn$0_invoke$0arity$02:jk
cljs$core$filter$cljs$0core$0IFn$0_invoke$0arity$02:xg
cljs$core$find_and_cache_best_method:Uj
cljs$core$first:N
cljs$core$flatten:Ag
cljs$core$fn_QMARK_:ue
cljs$core$fnil$cljs$0core$0IFn$0_invoke$0arity$02:fg
cljs$core$frequencies:dj
cljs$core$gensym$cljs$0core$0IFn$0_invoke$0arity$01:Aj
cljs$core$gensym_counter:zj
cljs$core$get:H
cljs$core$get_global_hierarchy:Lj
cljs$core$get_in$cljs$0core$0IFn$0_invoke$0arity$02:Dg
cljs$core$get_in$cljs$0core$0IFn$0_invoke$0arity$03:Eg
cljs$core$hash:wd
cljs$core$hash_collision_node_find_index:ci
cljs$core$hash_map:Di
cljs$core$hash_ordered_coll:Kd
cljs$core$hash_string:vd
cljs$core$hash_symbol:yd
cljs$core$hash_unordered_coll:Md
cljs$core$identity:Se
cljs$core$ifn_QMARK_:Me
cljs$core$imul:pd
cljs$core$inc:Od
cljs$core$indexed_QMARK_:$d
cljs$core$inode_kv_reduce:Qh
cljs$core$instance_QMARK_:xd
cljs$core$interleave:vg
cljs$core$into:gg
cljs$core$into_array$cljs$0core$0IFn$0_invoke$0arity$02:Xb
cljs$core$isa_QMARK_$cljs$0core$0IFn$0_invoke$0arity$03:Pj
cljs$core$iter:Sf
cljs$core$iter_reduce$cljs$0core$0IFn$0_invoke$0arity$02:Oe
cljs$core$iter_reduce$cljs$0core$0IFn$0_invoke$0arity$03:Pe
cljs$core$iterable_QMARK_:Ed
cljs$core$js__GT_clj$cljs$0core$0IFn$0_invoke$0arity$0variadic:Ij
cljs$core$juxt$cljs$0core$0IFn$0_invoke$0arity$02:ej
cljs$core$keep$cljs$0core$0IFn$0_invoke$0arity$02:jg
cljs$core$key:gh
cljs$core$key_test:Mh
cljs$core$keys:Eh
cljs$core$keyword:hf
cljs$core$keyword_identical_QMARK_:ff
cljs$core$last:le
cljs$core$linear_traversal_nth$cljs$0core$0IFn$0_invoke$0arity$03:qe
cljs$core$list:df
cljs$core$list_QMARK_:bf
cljs$core$lookup_sentinel:Je
cljs$core$m3_fmix:sd
cljs$core$m3_mix_H1:rd
cljs$core$m3_mix_K1:qd
cljs$core$map:og
cljs$core$map_QMARK_:Ee
cljs$core$map_entry_QMARK_:fh
cljs$core$map_indexed$cljs$0core$0IFn$0_invoke$0arity$02:ig
cljs$core$mapcat$cljs$0core$0IFn$0_invoke$0arity$0variadic:wg
cljs$core$mapv$cljs$0core$0IFn$0_invoke$0arity$02:Bg
cljs$core$max:Ye
cljs$core$max_key:Vi
cljs$core$merge:Hi
cljs$core$meta:xe
cljs$core$missing_protocol:Tb
cljs$core$name:jf
cljs$core$namespace:gf
cljs$core$native_satisfies_QMARK_:Rb
cljs$core$never_equiv:wh
cljs$core$new_path:Ng
cljs$core$next:P
cljs$core$next_STAR_:zf
cljs$core$nil_QMARK_:Ob
cljs$core$nil_iter:Kf
cljs$core$not:Qb
cljs$core$not_empty:Jf
cljs$core$nth:ce
cljs$core$nth$cljs$0core$0IFn$0_invoke$0arity$02:be
cljs$core$nth$cljs$0core$0IFn$0_invoke$0arity$03:U
cljs$core$parents$cljs$0core$0IFn$0_invoke$0arity$01:Qj
cljs$core$partial:eg
cljs$core$partition$cljs$0core$0IFn$0_invoke$0arity$03:Cg
cljs$core$peek:ye
cljs$core$pop_tail:Tg
cljs$core$pr_opts:Gb
cljs$core$pr_sb_with_opts:uj
cljs$core$pr_sequential_writer:ij
cljs$core$pr_str_STAR_:od
cljs$core$pr_str_with_opts:vj
cljs$core$pr_writer:qj
cljs$core$pr_writer_impl:pj
cljs$core$prefers_STAR_:Sj
cljs$core$prim_seq$cljs$0core$0IFn$0_invoke$0arity$02:S
cljs$core$print_map:rj
cljs$core$print_meta_QMARK_:oj
cljs$core$print_prefix_map:xj
cljs$core$println$cljs$0core$0IFn$0_invoke$0arity$0variadic:wj
cljs$core$push_tail:Og
cljs$core$pv_clone_node:Lg
cljs$core$pv_fresh_node:Kg
cljs$core$pv_reduce$cljs$0core$0IFn$0_invoke$0arity$04:Wg
cljs$core$pv_reduce$cljs$0core$0IFn$0_invoke$0arity$05:Xg
cljs$core$quot:$e
cljs$core$quote_string:nj
cljs$core$range$cljs$0core$0IFn$0_invoke$0arity$03:aj
cljs$core$ranged_iterator:Vg
cljs$core$re_find:hj
cljs$core$re_matches:gj
cljs$core$record_QMARK_:Fe
cljs$core$reduce:Zb
cljs$core$reduce$cljs$0core$0IFn$0_invoke$0arity$02:Qe
cljs$core$reduce$cljs$0core$0IFn$0_invoke$0arity$03:Yb
cljs$core$reduce_kv:Re
cljs$core$reduced:Qd
cljs$core$reduced_QMARK_:Rd
cljs$core$remove$cljs$0core$0IFn$0_invoke$0arity$02:yg
cljs$core$remove_pair:Oh
cljs$core$repeat$cljs$0core$0IFn$0_invoke$0arity$02:ug
cljs$core$reset_BANG_:mg
cljs$core$reset_cache:Rj
cljs$core$rest:Gd
cljs$core$select_keys:Ii
cljs$core$seq:J
cljs$core$seq_QMARK_:Ke
cljs$core$seq_reduce:je
cljs$core$seq_reduce$cljs$0core$0IFn$0_invoke$0arity$02:ie
cljs$core$seq_reduce$cljs$0core$0IFn$0_invoke$0arity$03:ke
cljs$core$sequential_QMARK_:De
cljs$core$set:Si
cljs$core$set_QMARK_:Ce
cljs$core$some:bg
cljs$core$split_with:cj
cljs$core$spread:uf
cljs$core$str:D
cljs$core$string_hash_cache:td
cljs$core$string_hash_cache_count:ud
cljs$core$string_print:lj
cljs$core$subvec:nh
cljs$core$swap_BANG_:ng
cljs$core$symbol:Ad
cljs$core$t_cljs$0core17767:zb
cljs$core$tail_off:Mg
cljs$core$take$cljs$0core$0IFn$0_invoke$0arity$02:pg
cljs$core$take_nth$cljs$0core$0IFn$0_invoke$0arity$02:bj
cljs$core$take_while$cljs$0core$0IFn$0_invoke$0arity$02:Wi
cljs$core$tapset:kk
cljs$core$throw_no_method_error:Vj
cljs$core$to_array:sf
cljs$core$transduce$cljs$0core$0IFn$0_invoke$0arity$04:Ue
cljs$core$transformer_iterator:$f
cljs$core$tree_map_add:xi
cljs$core$tree_map_append:yi
cljs$core$tree_map_kv_reduce:wi
cljs$core$tree_map_remove:zi
cljs$core$tree_map_replace:Ai
cljs$core$tree_map_seq_push:ni
cljs$core$tree_seq:zg
cljs$core$truth_:B
cljs$core$tv_editable_root:$g
cljs$core$tv_editable_tail:ah
cljs$core$tv_ensure_editable:oh
cljs$core$tv_push_tail:ph
cljs$core$type:Sb
cljs$core$type__GT_str:Ub
cljs$core$unchecked_array_for:Qg
cljs$core$unreduced:Sd
cljs$core$update$cljs$0core$0IFn$0_invoke$0arity$03:Hg
cljs$core$update$cljs$0core$0IFn$0_invoke$0arity$04:Ig
cljs$core$update_in:Gg
cljs$core$val:hh
cljs$core$vals:Fh
cljs$core$vec:eh
cljs$core$vector:ih
cljs$core$vector_QMARK_:Ge
cljs$core$vector_index_out_of_bounds:Pg
cljs$core$with_meta:we
cljs$core$write_all$cljs$0core$0IFn$0_invoke$0arity$0variadic:kj
cljs$core$zipmap:Ui
cljs$cst$keyword$_LT__DASH_:Zk
cljs$cst$keyword$_LT__GT_:fl
cljs$cst$keyword$aborted:mn
cljs$cst$keyword$add_DASH_event:Cl
cljs$cst$keyword$after:pl
cljs$cst$keyword$alt_DASH_impl:sj
cljs$cst$keyword$ancestors:Oj
cljs$cst$keyword$api:Xm
cljs$cst$keyword$app_SLASH_initialize:tk
cljs$cst$keyword$arglists:xk
cljs$cst$keyword$args:Ym
cljs$cst$keyword$atom:Tn
cljs$cst$keyword$auto_DASH_run:zk
cljs$cst$keyword$autobind:xn
cljs$cst$keyword$before:vl
cljs$cst$keyword$body:um
cljs$cst$keyword$character:rl
cljs$cst$keyword$class:Bm
cljs$cst$keyword$cljsLegacyRender:Fm
cljs$cst$keyword$cljs_DOT_analyzer_SLASH_analyzed:ul
cljs$cst$keyword$cljs_DOT_core_SLASH_not_DASH_found:Mi
cljs$cst$keyword$coeffects:Mm
cljs$cst$keyword$coerce:Ji
cljs$cst$keyword$cofx:Um
cljs$cst$keyword$col:ym
cljs$cst$keyword$column:pn
cljs$cst$keyword$componentFunction:om
cljs$cst$keyword$componentWillMount:On
cljs$cst$keyword$componentWillUnmount:El
cljs$cst$keyword$component_DASH_did_DASH_update:hn
cljs$cst$keyword$component_DASH_will_DASH_unmount:Yl
cljs$cst$keyword$connection_DASH_established:En
cljs$cst$keyword$content_DASH_type:Ck
cljs$cst$keyword$db:rn
cljs$cst$keyword$db_DASH_handler:hm
cljs$cst$keyword$debug:Vl
cljs$cst$keyword$default:dk
cljs$cst$keyword$deregister_DASH_event_DASH_handler:zn
cljs$cst$keyword$descendants:Nj
cljs$cst$keyword$description:Wk
cljs$cst$keyword$dispatch:Dm
cljs$cst$keyword$dispatch_DASH_later:ml
cljs$cst$keyword$dispatch_DASH_n:cn
cljs$cst$keyword$displayName:pm
cljs$cst$keyword$display_DASH_name:Sl
cljs$cst$keyword$div:Pl
cljs$cst$keyword$div_DOT_columns_GT_div_DOT_column:Ak
cljs$cst$keyword$div_DOT_content_GT_div_DOT_columns_DOT_is_DASH_centered_GT_div_DOT_column_DOT_is_DASH_two_DASH_thirds:tn
cljs$cst$keyword$div_DOT_field:Ik
cljs$cst$keyword$div_DOT_notification_DOT_is_DASH_danger:gl
cljs$cst$keyword$do_DASH_fx:Ol
cljs$cst$keyword$doc:mm
cljs$cst$keyword$dup:Lb
cljs$cst$keyword$effects:Nl
cljs$cst$keyword$end_DASH_column:al
cljs$cst$keyword$end_DASH_line:Pk
cljs$cst$keyword$eof:em
cljs$cst$keyword$error:Ll
cljs$cst$keyword$error_DASH_handler:An
cljs$cst$keyword$errors:Rn
cljs$cst$keyword$event:Ml
cljs$cst$keyword$ex_DASH_kind:Jm
cljs$cst$keyword$exception:hl
cljs$cst$keyword$failed:yl
cljs$cst$keyword$failure:Am
cljs$cst$keyword$fallback_DASH_impl:tj
cljs$cst$keyword$file:Bn
cljs$cst$keyword$finally:Xk
cljs$cst$keyword$finish_DASH_run:il
cljs$cst$keyword$flush_DASH_dom:kn
cljs$cst$keyword$flush_DASH_on_DASH_newline:Ib
cljs$cst$keyword$for:Tl
cljs$cst$keyword$format:am
cljs$cst$keyword$fsm_DASH_state:Rk
cljs$cst$keyword$fx:an
cljs$cst$keyword$fx_DASH_handler:Wm
cljs$cst$keyword$group:cm
cljs$cst$keyword$groupEnd:Sn
cljs$cst$keyword$h3:$m
cljs$cst$keyword$handler:nm
cljs$cst$keyword$handlers:Sk
cljs$cst$keyword$headers:Jk
cljs$cst$keyword$hierarchy:zl
cljs$cst$keyword$id:Fn
cljs$cst$keyword$idle:pk
cljs$cst$keyword$illegal_DASH_argument:ol
cljs$cst$keyword$input_DOT_button_DOT_is_DASH_primary:bm
cljs$cst$keyword$input_DOT_input:ok
cljs$cst$keyword$interceptors:ll
cljs$cst$keyword$java:Pm
cljs$cst$keyword$json:en
cljs$cst$keyword$json_DASH_verbose:Cn
cljs$cst$keyword$key:qn
cljs$cst$keyword$keyword:Pn
cljs$cst$keyword$keyword_DASH_fn:Fj
cljs$cst$keyword$keywordize_DASH_keys:Jj
cljs$cst$keyword$keywords_QMARK_:Zl
cljs$cst$keyword$label_DOT_label:qm
cljs$cst$keyword$li:Nk
cljs$cst$keyword$line:wk
cljs$cst$keyword$list:nn
cljs$cst$keyword$log:Ek
cljs$cst$keyword$map:sm
cljs$cst$keyword$message:Ki
cljs$cst$keyword$message_SLASH_add:Fk
cljs$cst$keyword$messages:xl
cljs$cst$keyword$messages_SLASH_list:Cm
cljs$cst$keyword$messages_SLASH_loading_QMARK_:Uk
cljs$cst$keyword$messages_SLASH_set:km
cljs$cst$keyword$meta:Kb
cljs$cst$keyword$method:Kk
cljs$cst$keyword$more_DASH_marker:jj
cljs$cst$keyword$ms:qk
cljs$cst$keyword$name:Km
cljs$cst$keyword$namespaced_DASH_map:Qk
cljs$cst$keyword$nil:bn
cljs$cst$keyword$no_DASH_cache:dl
cljs$cst$keyword$not_DASH_initialized:gm
cljs$cst$keyword$ns:mk
cljs$cst$keyword$on_DASH_change:rk
cljs$cst$keyword$on_DASH_click:Yk
cljs$cst$keyword$on_DASH_dispose:Gk
cljs$cst$keyword$on_DASH_set:Qm
cljs$cst$keyword$on_DASH_write:on
cljs$cst$keyword$optional:Li
cljs$cst$keyword$original_DASH_text:yk
cljs$cst$keyword$p:Fl
cljs$cst$keyword$params:Qn
cljs$cst$keyword$parents:Mj
cljs$cst$keyword$parse:kl
cljs$cst$keyword$parse_DASH_error:el
cljs$cst$keyword$path:cl
cljs$cst$keyword$pause:$l
cljs$cst$keyword$paused:fn
cljs$cst$keyword$prefix:Rl
cljs$cst$keyword$print_DASH_length:Mb
cljs$cst$keyword$processing_DASH_request:Sm
cljs$cst$keyword$progress_DASH_handler:Hn
cljs$cst$keyword$queue:Nm
cljs$cst$keyword$raw:nl
cljs$cst$keyword$re_DASH_frame_DOT_std_DASH_interceptors_SLASH_not_DASH_found:vn
cljs$cst$keyword$re_DASH_frame_DOT_std_DASH_interceptors_SLASH_untrimmed_DASH_event:Lm
cljs$cst$keyword$read:tm
cljs$cst$keyword$readably:Jb
cljs$cst$keyword$reader:ql
cljs$cst$keyword$reader_DASH_error:jm
cljs$cst$keyword$reader_DASH_exception:jn
cljs$cst$keyword$readers:uk
cljs$cst$keyword$reagentRender:Im
cljs$cst$keyword$reagent_DASH_render:tl
cljs$cst$keyword$render:sk
cljs$cst$keyword$request_DASH_received:Tm
cljs$cst$keyword$response:wn
cljs$cst$keyword$response_DASH_format:Un
cljs$cst$keyword$response_DASH_ready:In
cljs$cst$keyword$resume:Ul
cljs$cst$keyword$run_DASH_queue:Mn
cljs$cst$keyword$running:zm
cljs$cst$keyword$scheduled:Jl
cljs$cst$keyword$sequential:Zm
cljs$cst$keyword$server_DASH_error:Al
cljs$cst$keyword$set:Bl
cljs$cst$keyword$shouldComponentUpdate:Dn
cljs$cst$keyword$stack:Hm
cljs$cst$keyword$state:bl
cljs$cst$keyword$status:Tk
cljs$cst$keyword$status_DASH_text:Ok
cljs$cst$keyword$strable:Dl
cljs$cst$keyword$string:Lk
cljs$cst$keyword$strip:sn
cljs$cst$keyword$struct_DOT_core_SLASH_nomsg:wm
cljs$cst$keyword$struct_DOT_core_SLASH_notexists:Dk
cljs$cst$keyword$sub:ln
cljs$cst$keyword$submit:Bk
cljs$cst$keyword$symbol:Kl
cljs$cst$keyword$tag:Vk
cljs$cst$keyword$test:$k
cljs$cst$keyword$text:Jn
cljs$cst$keyword$textarea_DOT_textarea:Gl
cljs$cst$keyword$time:Il
cljs$cst$keyword$timeout:vk
cljs$cst$keyword$timestamp:sl
cljs$cst$keyword$translate:xm
cljs$cst$keyword$trigger:wl
cljs$cst$keyword$trim_DASH_v:dn
cljs$cst$keyword$type:im
cljs$cst$keyword$ul_DOT_messages:gn
cljs$cst$keyword$unnamed:dm
cljs$cst$keyword$uri:vm
cljs$cst$keyword$url_DASH_params:Wl
cljs$cst$keyword$val:yj
cljs$cst$keyword$validate:Hk
cljs$cst$keyword$validator:un
cljs$cst$keyword$value:Ql
cljs$cst$keyword$vec_DASH_strategy:lm
cljs$cst$keyword$vector:Xl
cljs$cst$keyword$warn:Om
cljs$cst$keyword$with_DASH_credentials:Gm
cljs$cst$keyword$write:Mk
cljs$cst$keyword$writer:Gn
cljs$cst$keyword$yield:yn
cljs$cst$symbol$Inf:Vm
cljs$cst$symbol$NaN:Ln
cljs$cst$symbol$_DASH_Inf:Rm
cljs$cst$symbol$_SLASH_:jl
cljs$cst$symbol$guestbook_DOT_core:Hl
cljs$cst$symbol$guestbook_DOT_core_SLASH_home:rm
cljs$cst$symbol$home:nk
cljs$cst$symbol$inst:Em
cljs$cst$symbol$js:fm
cljs$cst$symbol$meta17768:Lf
cljs$cst$symbol$queue:Nn
cljs$cst$symbol$uuid:Kn
cljs$reader$_STAR_default_data_reader_fn_STAR_:Vw
cljs$reader$_STAR_tag_table_STAR_:Ww
cljs$reader$check:Tw
cljs$reader$days_in_month:Qw
cljs$reader$parse_and_validate_timestamp:Uw
cljs$reader$parse_int:Sw
cljs$reader$timestamp_regex:Rw
cljs$tools:wv
cljs$tools$reader:xv
cljs$tools$reader$NO_MATCH:mw
cljs$tools$reader$READ_EOF:kw
cljs$tools$reader$READ_FINISHED:lw
cljs$tools$reader$edn$dispatch_macros:sw
cljs$tools$reader$edn$escape_char:Gw
cljs$tools$reader$edn$macro_terminating_QMARK_:nw
cljs$tools$reader$edn$macros:ow
cljs$tools$reader$edn$not_constituent_QMARK_:pw
cljs$tools$reader$edn$read:Bw
cljs$tools$reader$edn$read$cljs$0core$0IFn$0_invoke$0arity$02:Pw
cljs$tools$reader$edn$read$cljs$0core$0IFn$0_invoke$0arity$04:Aw
cljs$tools$reader$edn$read_char_STAR_:xw
cljs$tools$reader$edn$read_delimited:zw
cljs$tools$reader$edn$read_discard:Mw
cljs$tools$reader$edn$read_dispatch:rw
cljs$tools$reader$edn$read_keyword:Jw
cljs$tools$reader$edn$read_list:Cw
cljs$tools$reader$edn$read_map:Ew
cljs$tools$reader$edn$read_meta:Kw
cljs$tools$reader$edn$read_namespaced_map:Nw
cljs$tools$reader$edn$read_number:Fw
cljs$tools$reader$edn$read_set:Lw
cljs$tools$reader$edn$read_string_STAR_:Hw
cljs$tools$reader$edn$read_symbol:Iw
cljs$tools$reader$edn$read_symbolic_value:Ow
cljs$tools$reader$edn$read_tagged:tw
cljs$tools$reader$edn$read_token$cljs$0core$0IFn$0_invoke$0arity$04:qw
cljs$tools$reader$edn$read_unicode_char$cljs$0core$0IFn$0_invoke$0arity$04:vw
cljs$tools$reader$edn$read_unicode_char$cljs$0core$0IFn$0_invoke$0arity$05:ww
cljs$tools$reader$edn$read_unmatched_delimiter:uw
cljs$tools$reader$edn$read_vector:Dw
cljs$tools$reader$edn$starting_line_col_info:yw
cljs$tools$reader$impl:yv
cljs$tools$reader$impl$commons$float_pattern:ew
cljs$tools$reader$impl$commons$int_pattern:cw
cljs$tools$reader$impl$commons$match_number:gw
cljs$tools$reader$impl$commons$matches_QMARK_:fw
cljs$tools$reader$impl$commons$parse_symbol:hw
cljs$tools$reader$impl$commons$ratio_pattern:dw
cljs$tools$reader$impl$commons$read_comment:iw
cljs$tools$reader$impl$commons$read_past:bw
cljs$tools$reader$impl$commons$throwing_reader:jw
cljs$tools$reader$impl$errors$duplicate_keys_error:$v
cljs$tools$reader$impl$errors$eof_error$cljs$0core$0IFn$0_invoke$0arity$0variadic:Tv
cljs$tools$reader$impl$errors$illegal_arg_error$cljs$0core$0IFn$0_invoke$0arity$0variadic:Sv
cljs$tools$reader$impl$errors$reader_error$cljs$0core$0IFn$0_invoke$0arity$0variadic:Rv
cljs$tools$reader$impl$errors$throw_bad_char:Wv
cljs$tools$reader$impl$errors$throw_bad_octal_number:Zv
cljs$tools$reader$impl$errors$throw_dup_keys:aw
cljs$tools$reader$impl$errors$throw_eof_reading$cljs$0core$0IFn$0_invoke$0arity$0variadic:Xv
cljs$tools$reader$impl$errors$throw_ex$cljs$0core$0IFn$0_invoke$0arity$0variadic:Qv
cljs$tools$reader$impl$errors$throw_invalid:Vv
cljs$tools$reader$impl$errors$throw_invalid_unicode_digit:Yv
cljs$tools$reader$impl$errors$throw_odd_map:Uv
cljs$tools$reader$impl$inspect:Nv
cljs$tools$reader$impl$inspect$dispatch_inspect:ck
cljs$tools$reader$impl$inspect$inspect$cljs$0core$0IFn$0_invoke$0arity$01:Pv
cljs$tools$reader$impl$inspect$inspect_STAR_:gk
cljs$tools$reader$impl$inspect$inspect_STAR__col:Ov
cljs$tools$reader$impl$utils$char_code:Dv
cljs$tools$reader$impl$utils$namespace_keys:Cv
cljs$tools$reader$impl$utils$numeric_QMARK_:Bv
cljs$tools$reader$impl$utils$whitespace_QMARK_:Av
cljs$tools$reader$impl$utils$ws_rx:zv
cljs$tools$reader$reader_types$PushbackReader:Lv
cljs$tools$reader$reader_types$StringReader:Kv
cljs$tools$reader$reader_types$get_column_number:Iv
cljs$tools$reader$reader_types$get_file_name:Jv
cljs$tools$reader$reader_types$get_line_number:Hv
cljs$tools$reader$reader_types$indexing_reader_QMARK_:Mv
cljs$tools$reader$reader_types$peek_char:Fv
cljs$tools$reader$reader_types$read_char:Ev
cljs$tools$reader$reader_types$unread:Gv
clojure$data$atom_diff:Vq
clojure$data$diff:Yq
clojure$data$diff_associative:Zq
clojure$data$diff_associative_key:Xq
clojure$data$diff_sequential:$q
clojure$data$diff_set:ar
clojure$data$diff_similar:cr
clojure$data$equality_partition:br
clojure$data$vectorize:Wq
clojure$set$bubble_max_key:zo
clojure$set$difference:Co
clojure$set$intersection:Bo
clojure$set$union$cljs$0core$0IFn$0_invoke$0arity$02:Ao
clojure$string$join$cljs$0core$0IFn$0_invoke$0arity$02:co
clojure$string$replace:bo
clojure$string$replace_all:$n
clojure$string$replace_with:ao
cognitect$transit$KeywordHandler:ct
cognitect$transit$ListHandler:et
cognitect$transit$MapBuilder:$s
cognitect$transit$MapHandler:ft
cognitect$transit$SetHandler:gt
cognitect$transit$SymbolHandler:dt
cognitect$transit$UUIDHandler:it
cognitect$transit$VectorBuilder:at
cognitect$transit$VectorHandler:ht
cognitect$transit$WithMeta:jt
cognitect$transit$WithMetaHandler:kt
cognitect$transit$opts_merge:Zs
cognitect$transit$reader$cljs$0core$0IFn$0_invoke$0arity$02:bt
cognitect$transit$writer$cljs$0core$0IFn$0_invoke$0arity$02:lt
com$cognitect$transit$caching$ReadCache:Gr
com$cognitect$transit$caching$WriteCache:Fr
com$cognitect$transit$caching$idxToCode:Er
com$cognitect$transit$caching$isCacheable:Dr
com$cognitect$transit$eq$equals:Ir
com$cognitect$transit$eq$hashArrayLike:Or
com$cognitect$transit$eq$hashCode:Nr
com$cognitect$transit$eq$hashCodeCounter:Hr
com$cognitect$transit$eq$hashCombine:Jr
com$cognitect$transit$eq$hashMapLike:Mr
com$cognitect$transit$eq$stringCodeCache:Kr
com$cognitect$transit$eq$stringCodeCacheSize:Lr
com$cognitect$transit$handlers$ArrayHandler:zs
com$cognitect$transit$handlers$BooleanHandler:ys
com$cognitect$transit$handlers$BufferHandler:Ks
com$cognitect$transit$handlers$DateHandler:Cs
com$cognitect$transit$handlers$Handlers:Ms
com$cognitect$transit$handlers$IntegerHandler:xs
com$cognitect$transit$handlers$KeywordHandler:Es
com$cognitect$transit$handlers$MapHandler:As
com$cognitect$transit$handlers$NilHandler:us
com$cognitect$transit$handlers$NumberHandler:ws
com$cognitect$transit$handlers$StringHandler:vs
com$cognitect$transit$handlers$SymbolHandler:Fs
com$cognitect$transit$handlers$TaggedHandler:Gs
com$cognitect$transit$handlers$TransitArrayMapHandler:Is
com$cognitect$transit$handlers$TransitMapHandler:Js
com$cognitect$transit$handlers$TransitSetHandler:Hs
com$cognitect$transit$handlers$UUIDHandler:Ds
com$cognitect$transit$handlers$Uint8ArrayHandler:Ls
com$cognitect$transit$handlers$VerboseDateHandler:Bs
com$cognitect$transit$handlers$ctorGuid:ps
com$cognitect$transit$handlers$ctorGuidProperty:rs
com$cognitect$transit$handlers$padZeros:ts
com$cognitect$transit$handlers$typeTag:ss
com$cognitect$transit$impl$decoder$Decoder:ks
com$cognitect$transit$impl$decoder$Tag:js
com$cognitect$transit$impl$reader$JSONUnmarshaller:ns
com$cognitect$transit$impl$reader$Reader:os
com$cognitect$transit$impl$writer$JSONMarshaller:Ns
com$cognitect$transit$impl$writer$Writer:Ws
com$cognitect$transit$impl$writer$emitMap:Us
com$cognitect$transit$impl$writer$emitObjects:Ps
com$cognitect$transit$impl$writer$isForeignObject:Ts
com$cognitect$transit$impl$writer$isStringableKey:Rs
com$cognitect$transit$impl$writer$marshal:Qs
com$cognitect$transit$impl$writer$maybeQuoted:Vs
com$cognitect$transit$impl$writer$stringableKeys:Ss
com$cognitect$transit$reader:Xs
com$cognitect$transit$types$ITERATOR:Pr
com$cognitect$transit$types$Keyword:Ur
com$cognitect$transit$types$MAX_INT:Sr
com$cognitect$transit$types$MIN_INT:Tr
com$cognitect$transit$types$Symbol:Vr
com$cognitect$transit$types$TaggedValue:Qr
com$cognitect$transit$types$TransitArrayMap:bs
com$cognitect$transit$types$TransitArrayMapIterator:Yr
com$cognitect$transit$types$TransitMap:as
com$cognitect$transit$types$TransitMapIterator:Zr
com$cognitect$transit$types$TransitSet:hs
com$cognitect$transit$types$UUID:Xr
com$cognitect$transit$types$hexFor:Wr
com$cognitect$transit$types$map:gs
com$cognitect$transit$types$mapEquals:$r
com$cognitect$transit$types$print:cs
com$cognitect$transit$types$printMap:ds
com$cognitect$transit$types$printSet:es
com$cognitect$transit$types$set:is
com$cognitect$transit$types$taggedValue:Rr
com$cognitect$transit$util$isArray:Br
com$cognitect$transit$util$objectKeys:Ar
com$cognitect$transit$util$randHex:Cr
com$cognitect$transit$writer:Ys
cuerdas$core$format:ax
cuerdas$core$indexed_format:$w
cuerdas$core$interpolate_format:Zw
cuerdas$core$replace:Yw
cuerdas$core$replace_all:Xw
doc$jscomp$inline_1304:bu
docMode$jscomp$inline_1290:Zt
f__20660__auto__$jscomp$inline_2012:yx
goog:ca
goog$Disposable:Mt
goog$Disposable$MonitoringMode$OFF:Nt
goog$Timer$callOnce:Iu
goog$UID_PROPERTY_:sa
goog$array$find:nb
goog$array$forEach:mb
goog$array$indexOf:lb
goog$array$toArray:pb
goog$async$nextTick:gq
goog$bind:wa
goog$bindJs_:va
goog$bindNative_:ua
goog$events$BrowserEvent:hu
goog$events$BrowserEvent$IE_POINTER_TYPE_MAP:iu
goog$events$BrowserFeature$HAS_W3C_EVENT_SUPPORT:du
goog$events$BrowserFeature$PASSIVE_EVENTS:fu
goog$events$BrowserFeature$SET_KEY_CODE_TO_PREVENT_DEFAULT:eu
goog$events$Event:gu
goog$events$EventTarget:Gu
goog$events$LISTENER_MAP_PROP_:qu
goog$events$LISTENER_WRAPPER_PROP_:Fu
goog$events$Listenable$IMPLEMENTED_BY_PROP:ju
goog$events$ListenableKey$counter_:ku
goog$events$Listener:lu
goog$events$ListenerMap:nu
goog$events$ListenerMap$findListenerIndex_:ou
goog$events$fireListener:Eu
goog$events$fireListeners_:Du
goog$events$getListenerMap_:xu
goog$events$getOnString_:zu
goog$events$getProxy:yu
goog$events$handleBrowserEvent_:Au
goog$events$listen:tu
goog$events$listenOnce:uu
goog$events$listen_:wu
goog$events$listenerCountEstimate_:su
goog$events$onStringMap_:ru
goog$events$unlisten:Bu
goog$events$unlistenByKey:Cu
goog$events$wrapListener:vu
goog$exportPath_:ja
goog$getUid:qa
goog$global:da
goog$inherits:ya
goog$isArrayLike:na
goog$isFunction:oa
goog$isObject:pa
goog$isString:fa
goog$labs$userAgent$platform$isIphone:Ot
goog$labs$userAgent$util$matchUserAgent:fq
goog$labs$userAgent$util$userAgent_:db
goog$math$Integer:Oa
goog$math$Integer$IntCache_:Pa
goog$math$Integer$ONE:Va
goog$math$Integer$TWO_PWR_24_:Wa
goog$math$Integer$TWO_PWR_32_DBL_:Ua
goog$math$Integer$ZERO:Sa
goog$math$Integer$carry16_:$a
goog$math$Integer$fromInt:Qa
goog$math$Integer$fromNumber:Ra
goog$math$Long:Da
goog$math$Long$MAX_VALUE_:Fa
goog$math$Long$MIN_VALUE_:Ga
goog$math$Long$NEG_ONE_:La
goog$math$Long$ONE_:Ka
goog$math$Long$ZERO_:Ha
goog$math$Long$fromBits:Ia
goog$math$Long$fromNumber:Ea
goog$math$Long$fromString:Ja
goog$net$DefaultXmlHttpFactory:Nu
goog$net$XhrIo:Pu
goog$net$XhrIo$HTTP_SCHEME_PATTERN:Ru
goog$net$XhrIo$METHODS_WITH_FORM_DATA:Su
goog$net$XhrIo$ResponseType$DEFAULT:Qu
goog$net$XhrIo$buildProgressEvent_:$u
goog$net$XhrIo$isContentTypeHeader_:ob
goog$net$XhrIo$shouldUseXhr2Timeout_:Vu
goog$net$XmlHttp$factory_:Mu
goog$net$XmlHttpFactory:Ju
goog$nullFunction:la
goog$object$PROTOTYPE_FIELDS_:jb
goog$object$extend:kb
goog$object$getKeys:ib
goog$object$map:hb
goog$reflect$cache:Aa
goog$reflect$sinkValue:za
goog$string$StringBuffer:wb
goog$string$capitalize:fb
goog$string$internal$caseInsensitiveContains:cb
goog$string$internal$compareElements_:eb
goog$string$internal$isEmptyOrWhitespace:ab
goog$string$internal$trim:bb
goog$string$splitLimit:gb
goog$structs$Map:sb
goog$structs$Map$defaultEquals:ub
goog$structs$forEach:rb
goog$structs$getValues:qb
goog$typeOf:ma
goog$uidCounter_:ta
goog$uri$utils$splitRe_:vb
goog$userAgent$EDGE:Rt
goog$userAgent$GECKO:St
goog$userAgent$IE:Qt
goog$userAgent$OPERA:Pt
goog$userAgent$VERSION:Wt
goog$userAgent$WEBKIT:Tt
goog$userAgent$getDocumentMode_:Vt
goog$userAgent$isVersionOrHigher:$t
goog$userAgent$isVersionOrHigherCache_:Ba
guestbook$core$errors_component:sx
guestbook$core$home:vx
guestbook$core$message_form:tx
guestbook$core$message_list:ux
guestbook$core$send_message_BANG_:rx
guestbook$validation$message_schema:lx
hierarchy__4617__auto__$jscomp$inline_1887:Xj
interceptors$jscomp$inline_2009:ox
method_cache__4615__auto__$jscomp$inline_1885:ak
method_table__4613__auto__$jscomp$inline_1883:Yj
module$node_modules$create_react_class$index:po
module$node_modules$react$index:Zn
module$node_modules$react_dom$index:Wp
module$node_modules$xregexp$lib$index:vv
navigator$jscomp$inline_1286:Ut
navigator$jscomp$inline_928:dq
opts$jscomp$inline_2011:xx
prefer_table__4614__auto__$jscomp$inline_1884:Zj
re_frame:hq
re_frame$cofx$inject_db:Uq
re_frame$core$reg_event_db:er
re_frame$db$app_db:mq
re_frame$events$_STAR_handling_STAR_:Cq
re_frame$fx$do_fx:Tq
re_frame$interceptor$__GT_interceptor$cljs$0core$0IFn$0_invoke$0arity$0variadic:zq
re_frame$interceptor$get_coeffect$cljs$0core$0IFn$0_invoke$0arity$02:Aq
re_frame$interceptor$invoke_interceptors:Bq
re_frame$interop$add_on_dispose_BANG_:jq
re_frame$interop$deref_QMARK_:iq
re_frame$interop$empty_queue:hg
re_frame$interop$reagent_id:lq
re_frame$interop$set_timeout_BANG_:kq
re_frame$loggers$console:oq
re_frame$loggers$console$cljs$0core$0IFn$0_invoke$0arity$0variadic:pq
re_frame$loggers$loggers:nq
re_frame$registrar$clear_handlers:vq
re_frame$registrar$get_handler$cljs$0core$0IFn$0_invoke$0arity$02:tq
re_frame$registrar$kind__GT_id__GT_handler:sq
re_frame$registrar$register_handler:uq
re_frame$router$dispatch:Sq
re_frame$router$event_queue:Rq
re_frame$router$later_fns:Lq
re_frame$std_interceptors$db_handler__GT_interceptor:dr
re_frame$subs$cache_and_return:Eq
re_frame$subs$cache_lookup$cljs$0core$0IFn$0_invoke$0arity$02:Fq
re_frame$subs$deref_input_signals:Iq
re_frame$subs$map_vals:Hq
re_frame$subs$query__GT_reaction:Dq
re_frame$subs$reg_sub:Jq
re_frame$subs$reg_sub$cljs$0core$0IFn$0_invoke$0arity$0variadic:Kq
re_frame$subs$subscribe:Gq
re_frame$trace:wq
re_frame$trace$next_delivery:yq
re_frame$trace$traces:xq
re_frame$utils$dissoc_in:qq
re_frame$utils$first_in_vector:rq
reagent:eo
reagent$core$after_render:cq
reagent$debug:fo
reagent$debug$track_console:ho
reagent$debug$warnings:go
reagent$dom:Xp
reagent$dom$imported:Yp
reagent$dom$re_render_component:aq
reagent$dom$render$cljs$0core$0IFn$0_invoke$0arity$03:bq
reagent$dom$render_comp:$p
reagent$dom$roots:Zp
reagent$impl:io
reagent$impl$batching:qo
reagent$impl$batching$RenderQueue:wo
reagent$impl$batching$compare_mount_order:uo
reagent$impl$batching$fake_raf:so
reagent$impl$batching$mount_count:ro
reagent$impl$batching$next_tick:to
reagent$impl$batching$queue_render:yo
reagent$impl$batching$ratom_flush:vo
reagent$impl$batching$render_queue:xo
reagent$impl$component:dp
reagent$impl$component$_STAR_current_component_STAR_:ep
reagent$impl$component$as_element:ip
reagent$impl$component$camelify_map_keys:pp
reagent$impl$component$create_class:sp
reagent$impl$component$custom_wrapper:lp
reagent$impl$component$dash_to_camel:op
reagent$impl$component$get_wrapper:mp
reagent$impl$component$map_to_js:rp
reagent$impl$component$obligatory:np
reagent$impl$component$props_argv:gp
reagent$impl$component$rat_opts:cp
reagent$impl$component$reagent_class_QMARK_:hp
reagent$impl$component$static_fns:kp
reagent$impl$component$wrap_funs:qp
reagent$impl$component$wrap_render:jp
reagent$impl$template:tp
reagent$impl$template$as_element:Tp
reagent$impl$template$cache_get:xp
reagent$impl$template$convert_custom_prop_value:Cp
reagent$impl$template$convert_prop_value:zp
reagent$impl$template$custom_kv_conv:Bp
reagent$impl$template$custom_prop_name_cache:Ap
reagent$impl$template$expand_seq:Vp
reagent$impl$template$find_dom_node:Gp
reagent$impl$template$get_key:Pp
reagent$impl$template$input_component_set_value:Jp
reagent$impl$template$input_handle_change:Kp
reagent$impl$template$input_node_set_value:Ip
reagent$impl$template$input_render_setup:Lp
reagent$impl$template$input_spec:Op
reagent$impl$template$key_from_vec:Qp
reagent$impl$template$kv_conv:yp
reagent$impl$template$make_element:Np
reagent$impl$template$named_QMARK_:vp
reagent$impl$template$native_element:Sp
reagent$impl$template$oset:Dp
reagent$impl$template$prop_name_cache:wp
reagent$impl$template$re_tag:up
reagent$impl$template$reagent_input_class:Mp
reagent$impl$template$set_id_class:Ep
reagent$impl$template$stringify_class:Fp
reagent$impl$template$tag_name_cache:Rp
reagent$impl$template$these_inputs_have_selection_api:Hp
reagent$impl$template$vec_to_elem:Up
reagent$impl$util$_STAR_always_update_STAR_:oo
reagent$impl$util$capitalize:lo
reagent$impl$util$dash_to_camel:mo
reagent$impl$util$dont_camel_case:ko
reagent$impl$util$fun_name:no
reagent$impl$util$is_client:jo
reagent$ratom:Do
reagent$ratom$RAtom:Ro
reagent$ratom$RCursor:Wo
reagent$ratom$Reaction:$o
reagent$ratom$Track:Vo
reagent$ratom$_STAR_ratom_context_STAR_:Eo
reagent$ratom$_running:Ho
reagent$ratom$add_on_dispose_BANG_:Yo
reagent$ratom$add_w:Lo
reagent$ratom$atom:So
reagent$ratom$cached_reaction:To
reagent$ratom$check_watches:Ko
reagent$ratom$debug:Fo
reagent$ratom$deref_capture:Io
reagent$ratom$dispose_BANG_:Xo
reagent$ratom$flush_BANG_:Qo
reagent$ratom$generation:Go
reagent$ratom$handle_reaction_change:Zo
reagent$ratom$make_reaction:Uo
reagent$ratom$notify_deref_watcher_BANG_:Jo
reagent$ratom$notify_w:No
reagent$ratom$pr_atom:Oo
reagent$ratom$rea_queue:Po
reagent$ratom$remove_w:Mo
reagent$ratom$run_in_reaction:bp
reagent$ratom$temp_reaction:ap
rhex$jscomp$inline_1177:qs
shadow$js$files:Vn
shadow$js$jsRequire:Yn
shadow$js$nativeRequires:Wn
shadow$js$requireStack:Xn
struct$core$apply_validation:bx
struct$core$build_step:fx
struct$core$dissoc_in:cx
struct$core$normalize_step_entry:hx
struct$core$normalize_step_map_entry:gx
struct$core$notopts_QMARK_:ex
struct$core$prepare_message:dx
struct$core$required:mx
struct$core$string:nx
struct$core$strip_values:ix
struct$core$validate$cljs$0core$0IFn$0_invoke$0arity$03:kx
struct$core$validate_internal:jx
userAgent$jscomp$inline_929:eq
version$jscomp$inline_1288:Xt
xmlhttprequest$jscomp$inline_1371:sv
