ESC:Vf
__extmap:Y
__hash:J
__meta:Ba
_entries:ta
_hash:tc
_keys:uc
_marshaller:Gc
_meta:sb
_name:Wa
_next:qb
_seq:Hc
accesses:Be
active_:vc
actualEventTarget_:mf
add_left:Ce
add_right:De
afn:D
ajax$protocols$AjaxImpl$_js_ajax_request$arity$3:Qd
ajax$protocols$AjaxResponse$_body$arity$1:Rd
ajax$protocols$AjaxResponse$_get_all_headers$arity$1:Sd
ajax$protocols$AjaxResponse$_get_response_header$arity$2:Td
ajax$protocols$AjaxResponse$_status$arity$1:Ud
ajax$protocols$AjaxResponse$_status_text$arity$1:Vd
ajax$protocols$AjaxResponse$_was_aborted$arity$1:Wd
ajax$protocols$Interceptor$_process_request$arity$2:Ic
ajax$protocols$Interceptor$_process_response$arity$2:Jc
args:Kc
arr:s
arrayBuilder:wc
ascending_QMARK_:gc
auto_run:Jb
backingMap:qa
balance_left:Ee
balance_right:Fe
base_count:Ge
bitmap:xa
bits_:ya
blacken:Qb
bucket:hc
bucketIdx:ac
buf:ic
buf_len:Xd
buf_pos:wb
buffer_:bc
cacheSize:nf
cachedOptions_:He
cached_hierarchy:ld
callOnce:md
caught:Yd
cause:Ie
cb:Je
chunk:Da
chunk_next:Lc
ci:Mc
cljs$core$APersistentVector$:Zd
cljs$core$Fn$:Ke
cljs$core$IAssociative$:Wf
cljs$core$IAssociative$_assoc$arity$3:ab
cljs$core$IChunk$_drop_first$arity$1:$d
cljs$core$IChunkedNext$_chunked_next$arity$1:ae
cljs$core$IChunkedSeq$:Xf
cljs$core$IChunkedSeq$_chunked_first$arity$1:nd
cljs$core$IChunkedSeq$_chunked_rest$arity$1:xc
cljs$core$ICloneable$_clone$arity$1:cb
cljs$core$ICollection$:Yf
cljs$core$ICollection$_conj$arity$2:ma
cljs$core$ICounted$:pf
cljs$core$ICounted$_count$arity$1:ka
cljs$core$IDeref$:Le
cljs$core$IDeref$_deref$arity$1:Kb
cljs$core$IEditableCollection$:qf
cljs$core$IEditableCollection$_as_transient$arity$1:yc
cljs$core$IEmptyableCollection$:rf
cljs$core$IEmptyableCollection$_empty$arity$1:pa
cljs$core$IEncodeClojure$:Zf
cljs$core$IEncodeClojure$_js__GT_clj$arity$2:sf
cljs$core$IEncodeJS$:tf
cljs$core$IEncodeJS$_clj__GT_js$arity$1:uf
cljs$core$IEquiv$_equiv$arity$2:M
cljs$core$IFind$_find$arity$2:Rb
cljs$core$IFn$:$f
cljs$core$IFn$_invoke$arity$0:v
cljs$core$IFn$_invoke$arity$1:h
cljs$core$IFn$_invoke$arity$10:Ea
cljs$core$IFn$_invoke$arity$11:Fa
cljs$core$IFn$_invoke$arity$12:Ga
cljs$core$IFn$_invoke$arity$13:Ha
cljs$core$IFn$_invoke$arity$14:Ia
cljs$core$IFn$_invoke$arity$15:Ja
cljs$core$IFn$_invoke$arity$16:Ka
cljs$core$IFn$_invoke$arity$17:La
cljs$core$IFn$_invoke$arity$18:Ma
cljs$core$IFn$_invoke$arity$19:Na
cljs$core$IFn$_invoke$arity$2:j
cljs$core$IFn$_invoke$arity$20:Oa
cljs$core$IFn$_invoke$arity$21:Nc
cljs$core$IFn$_invoke$arity$22:Lb
cljs$core$IFn$_invoke$arity$3:l
cljs$core$IFn$_invoke$arity$4:K
cljs$core$IFn$_invoke$arity$5:Z
cljs$core$IFn$_invoke$arity$6:ra
cljs$core$IFn$_invoke$arity$7:Pa
cljs$core$IFn$_invoke$arity$8:za
cljs$core$IFn$_invoke$arity$9:Qa
cljs$core$IFn$_invoke$arity$variadic:C
cljs$core$IHash$:be
cljs$core$IHash$_hash$arity$1:ba
cljs$core$IIndexed$:Me
cljs$core$IIndexed$_nth$arity$2:X
cljs$core$IIndexed$_nth$arity$3:la
cljs$core$IIterable$:ag
cljs$core$IIterable$_iterator$arity$1:eb
cljs$core$IKVReduce$:bg
cljs$core$IKVReduce$_kv_reduce$arity$3:Mb
cljs$core$IList$:cg
cljs$core$ILookup$:vf
cljs$core$ILookup$_lookup$arity$2:fa
cljs$core$ILookup$_lookup$arity$3:V
cljs$core$IMap$:wf
cljs$core$IMap$_dissoc$arity$2:cc
cljs$core$IMapEntry$:dg
cljs$core$IMapEntry$_key$arity$1:ce
cljs$core$IMapEntry$_val$arity$1:de
cljs$core$IMeta$:Ne
cljs$core$IMeta$_meta$arity$1:ga
cljs$core$INamed$:Oe
cljs$core$INamed$_name$arity$1:od
cljs$core$INamed$_namespace$arity$1:pd
cljs$core$INext$:Oc
cljs$core$INext$_next$arity$1:Sa
cljs$core$IPrintWithWriter$:na
cljs$core$IPrintWithWriter$_pr_writer$arity$3:aa
cljs$core$IRecord$:eg
cljs$core$IReduce$:xf
cljs$core$IReduce$_reduce$arity$2:Ta
cljs$core$IReduce$_reduce$arity$3:Ua
cljs$core$IReset$_reset_BANG_$arity$2:kb
cljs$core$IReversible$:fg
cljs$core$IReversible$_rseq$arity$1:Sb
cljs$core$ISeq$:da
cljs$core$ISeq$_first$arity$1:Xa
cljs$core$ISeq$_rest$arity$1:Ya
cljs$core$ISeqable$:Pe
cljs$core$ISeqable$_seq$arity$1:ha
cljs$core$ISequential$:ee
cljs$core$ISet$:yf
cljs$core$ISet$_disjoin$arity$2:fe
cljs$core$IStack$_peek$arity$1:Tb
cljs$core$IStack$_pop$arity$1:Ub
cljs$core$ISwap$_swap_BANG_$arity$2:qd
cljs$core$ISwap$_swap_BANG_$arity$3:rd
cljs$core$ISwap$_swap_BANG_$arity$4:sd
cljs$core$ISwap$_swap_BANG_$arity$5:td
cljs$core$ITransientAssociative$_assoc_BANG_$arity$3:zc
cljs$core$ITransientCollection$_conj_BANG_$arity$2:Ac
cljs$core$ITransientCollection$_persistent_BANG_$arity$1:Pc
cljs$core$IVector$:gg
cljs$core$IVector$_assoc_n$arity$3:xb
cljs$core$IWatchable$_add_watch$arity$3:Qc
cljs$core$IWatchable$_notify_watches$arity$3:ud
cljs$core$IWatchable$_remove_watch$arity$2:Rc
cljs$core$IWithMeta$_with_meta$arity$2:ia
cljs$core$IWriter$_write$arity$2:Qe
cljs$lang$applyTo:O
cljs$lang$ctorPrWriter:zf
cljs$lang$ctorStr:vd
cljs$lang$maxFixedArity:N
cljs$lang$protocol_mask$partition$:ge
cljs$lang$protocol_mask$partition0$:A
cljs$lang$protocol_mask$partition1$:T
cljs$lang$test:hg
cljs$lang$type:Re
cljs$tools$reader$reader_types$IPushbackReader$unread$arity$2:Se
cljs$tools$reader$reader_types$IndexingReader$:ig
cljs$tools$reader$reader_types$IndexingReader$get_column_number$arity$1:Af
cljs$tools$reader$reader_types$IndexingReader$get_file_name$arity$1:Bf
cljs$tools$reader$reader_types$IndexingReader$get_line_number$arity$1:Cf
cljs$tools$reader$reader_types$Reader$peek_char$arity$1:Sc
cljs$tools$reader$reader_types$Reader$read_char$arity$1:jc
clojure$data$Diff$diff_similar$arity$2:Df
clojure$data$EqualityPartition$equality_partition$arity$1:Ef
cnt:I
coll:wd
collision_hash:Vb
com$cognitect$transit$equals:tb
com$cognitect$transit$hashCode:yb
comp:rb
completed:he
content_type:zb
count_:Wb
decoder:Ff
defaultHandler:ie
default_dispatch_val:Gf
defaults:Tc
dirty_QMARK_:dc
dispatch_fn:H
disposed_:je
edit:ua
editable_QMARK_:Bc
ensure_editable:kc
equals:Ab
errorDispatched_:ke
eventTargetListeners_:Xb
event_:Uc
ext_map_iter:Te
fields:Hf
fn:Vc
fqn:gb
front:ib
fseq:Cc
fsm_state:xd
gen:Wc
getBasis:jg
getKeys:Nb
getListener:le
getSetImmediateEmulator_:If
getValues:Xc
greaterThan:yd
greaterThanOrEqual:me
handlerForForeign:Yc
handlers:Za
hasNext:oa
has_nil_QMARK_:fb
hashCode:va
hash_map:Ob
hierarchy:zd
high_:sa
idx:Aa
ieProgId_:Ue
inAbort_:Zc
inOpen_:ne
inSend_:Ad
inode_assoc:Bb
inode_assoc_BANG_:Cb
inode_find:$c
inode_lookup:lc
inode_seq:ad
inode_without:bd
isEmpty:Bd
isNegative:hb
isZero:lb
iter:oe
keySet:mc
keys_:jb
kv_reduce:nc
lastErrorCode_:Dc
lastError_:Cd
lastUri_:pe
len:oc
lessThan:Dd
lessThanOrEqual:qe
low_:wa
mapBuilder:ub
map_:Yb
marshaller:Jf
meta17768:Kf
method_cache:Ed
method_table:Fd
more:Db
mseq:ja
multi:Lf
negate:Ca
next_entry:cd
next_iter:Eb
nil_val:bb
nocache_QMARK_:Ve
nodes:Fb
not:We
ns:dd
obj:re
objectBuilder:Xe
onProgressHandler_:Ye
onReadyStateChangeEntryPoint_:Mf
onReadyStateChange_:Ze
on_dispose:$e
on_dispose_arr:af
on_set:Nf
opts:ec
parentEventTarget_:bf
post_event_callback_fns:Of
preferBuffers:se
preferStrings:Gd
prefer_table:Pf
progressEventsEnabled_:cf
propagationStopped_:pc
ratom:Ra
rdr:df
reaction:ed
reagent$ratom$IDisposable$add_on_dispose_BANG_$arity$2:ef
reagent$ratom$IDisposable$dispose_BANG_$arity$1:te
reagent$ratom$IReactiveAtom$:Hd
rear:mb
record:Qf
redden:fd
removed:Ec
responseType_:Id
rest:Gb
returnValue_:ff
riter:gd
root_iter:gf
s:ca
s_len:hf
s_pos:Fc
sb:Rf
scheduled_QMARK_:Jd
seen:ue
setImmediate_:jf
shiftRight:fc
sign_:nb
sourceIter:ve
str:ob
subtract:qc
superClass_:kf
sym:rc
timeoutId_:Kd
timeoutInterval_:hd
timeout_:lf
toInt:we
toNumber:vb
transient_map:Zb
tree:Pb
tree_map:Hb
typeCount_:jd
unicode:kg
unmarshaller:Sf
unpack:Ld
useSetImmediate_:Tf
useXhr2Timeout_:xe
uuid:$b
v:Va
val:o
validator:ye
vals:Md
vec:pb
verbose:kd
watches:$a
watchesArr:ze
watching:sc
withCredentials_:Ae
wrapCallback_:Uf
xf:Ib
xform:Nd
xhrOptions_:Od
xhr_:ea
xmlHttpFactory_:Pd
